[www.algostructure.com/sorting/shellsort.html]
[www.algostructure.com/sorting/bubblesort.html]
[backblue.gif]
[fade.gif]
[index.html]
[ajax.googleapis.com/ajax/libs/jquery/1.11.3/jquery.min.js]
[code.jquery.com/ui/1.11.4/jquery-ui.min.js]
[maxcdn.bootstrapcdn.com/bootstrap/3.3.5/js/bootstrap.min.js]
[static.etracker.com/code/e.js]
[www.algostructure.com/sorting/bogosort.html]
[www.algostructure.com/sorting/bucketsort.html]
[www.algostructure.com/sorting/cocktailsort.html]
[www.algostructure.com/sorting/combsort.html]
[www.algostructure.com/sorting/cyclesort.html]
[www.algostructure.com/sorting/gnomesort.html]
[www.algostructure.com/sorting/heapsort.html]
[www.algostructure.com/sorting/insertionsort.html]
[www.algostructure.com/sorting/mergesort.html]
[www.algostructure.com/sorting/oddevensort.html]
[www.algostructure.com/sorting/quicksort.html]
[www.algostructure.com/sorting/radixsort.html]
[www.algostructure.com/sorting/selectionsort.html]
[www.algostructure.com/sorting/stoogesort.html]
[www.algostructure.com/sorting/index.html]
[www.algostructure.com/Scripts/Sorting/shellScript.js]
[www.algostructure.com/sorting/shellsort.html]
[www.algostructure.com/Scripts/Sorting/bubbleScript.js]
[www.algostructure.com/sorting/bubblesort.html]
[www.algostructure.com/Content/bootstrap.css]
[www.algostructure.com/Content/Site.css]
[www.algostructure.com/Scripts/Sorting/bogoScript.js]
[www.algostructure.com/sorting/bogosort.html]
[www.algostructure.com/Scripts/Sorting/bucketScript.js]
[www.algostructure.com/sorting/bucketsort.html]
[www.algostructure.com/Scripts/Sorting/cocktailScript.js]
[www.algostructure.com/sorting/cocktailsort.html]
[www.algostructure.com/Scripts/Sorting/combScript.js]
[www.algostructure.com/sorting/combsort.html]
[www.algostructure.com/Scripts/Sorting/cycleScript.js]
[www.algostructure.com/sorting/cyclesort.html]
[www.algostructure.com/Scripts/Sorting/gnomeScript.js]
[www.algostructure.com/sorting/gnomesort.html]
[www.algostructure.com/Scripts/Sorting/heapScript.js]
[www.algostructure.com/sorting/heapsort.html]
[www.algostructure.com/Scripts/Sorting/insertionScript.js]
[www.algostructure.com/sorting/insertionsort.html]
[www.algostructure.com/Scripts/Sorting/mergeScript.js]
[www.algostructure.com/sorting/mergesort.html]
[www.algostructure.com/Scripts/Sorting/oddevenScript.js]
[www.algostructure.com/sorting/oddevensort.html]
[www.algostructure.com/Scripts/Sorting/quickScript.js]
[www.algostructure.com/sorting/quicksort.html]
[www.algostructure.com/Scripts/Sorting/radixScript.js]
[www.algostructure.com/sorting/radixsort.html]
[www.algostructure.com/Scripts/Sorting/selectionScript.js]
[www.algostructure.com/sorting/selectionsort.html]
[www.algostructure.com/Scripts/Sorting/stoogeScript.js]
[www.algostructure.com/sorting/stoogesort.html]
[www.algostructure.com/sorting/index.html]
